  Determining projects to restore...
  All projects are up-to-date for restore.
  ae-poc-identity-mcp-lib -> C:\Users\igorw\sources\github\ISubkowskI\ae-poc-identity-mcpsrv\ae-poc-identity-mcp-lib\bin\Debug\net9.0\ae-poc-identity-mcp-lib.dll
  ae-poc-identity-mcp-srvsse -> C:\Users\igorw\sources\github\ISubkowskI\ae-poc-identity-mcpsrv\ae-poc-identity-mcp-srvsse\bin\Debug\net9.0\ae-poc-identity-mcp-srvsse.dll
C:\Users\igorw\sources\github\ISubkowskI\ae-poc-identity-mcpsrv\ae-poc-identity-mcp-integrationtests\Tools\ClaimToolsIntegrationTests.cs(239,17): warning xUnit1013: Public method 'Dispose' on test class 'ClaimToolsIntegrationTests' should be marked as a Fact. Reduce the visibility of the method, or add a Fact attribute to the method. (https://xunit.net/xunit.analyzers/rules/xUnit1013) [C:\Users\igorw\sources\github\ISubkowskI\ae-poc-identity-mcpsrv\ae-poc-identity-mcp-integrationtests\ae-poc-identity-mcp-integrationtests.csproj]
  ae-poc-identity-mcp-integrationtests -> C:\Users\igorw\sources\github\ISubkowskI\ae-poc-identity-mcpsrv\ae-poc-identity-mcp-integrationtests\bin\Debug\net9.0\ae-poc-identity-mcp-integrationtests.dll

Build succeeded.

C:\Users\igorw\sources\github\ISubkowskI\ae-poc-identity-mcpsrv\ae-poc-identity-mcp-integrationtests\Tools\ClaimToolsIntegrationTests.cs(239,17): warning xUnit1013: Public method 'Dispose' on test class 'ClaimToolsIntegrationTests' should be marked as a Fact. Reduce the visibility of the method, or add a Fact attribute to the method. (https://xunit.net/xunit.analyzers/rules/xUnit1013) [C:\Users\igorw\sources\github\ISubkowskI\ae-poc-identity-mcpsrv\ae-poc-identity-mcp-integrationtests\ae-poc-identity-mcp-integrationtests.csproj]
    1 Warning(s)
    0 Error(s)

Time Elapsed 00:00:02.50

Workload updates are available. Run `dotnet workload list` for more information.
