  Determining projects to restore...
  All projects are up-to-date for restore.
  ae-poc-identity-mcp-lib -> C:\Users\igorw\sources\github\ISubkowskI\ae-poc-identity-mcpsrv\ae-poc-identity-mcp-lib\bin\Debug\net9.0\ae-poc-identity-mcp-lib.dll
C:\Users\igorw\sources\github\ISubkowskI\ae-poc-identity-mcpsrv\ae-poc-identity-mcp-unittests\Data\ToolResultFactoryTests.cs(40,36): warning CS8604: Possible null reference argument for parameter 'collection' in 'void Assert.Contains<string?>(string? expected, IEnumerable<string?> collection)'. [C:\Users\igorw\sources\github\ISubkowskI\ae-poc-identity-mcpsrv\ae-poc-identity-mcp-unittests\ae-poc-identity-mcp-unittests.csproj]
C:\Users\igorw\sources\github\ISubkowskI\ae-poc-identity-mcpsrv\ae-poc-identity-mcp-unittests\Data\ToolResultFactoryTests.cs(77,40): warning CS8604: Possible null reference argument for parameter 'collection' in 'void Assert.Contains<string?>(string? expected, IEnumerable<string?> collection)'. [C:\Users\igorw\sources\github\ISubkowskI\ae-poc-identity-mcpsrv\ae-poc-identity-mcp-unittests\ae-poc-identity-mcp-unittests.csproj]
C:\Users\igorw\sources\github\ISubkowskI\ae-poc-identity-mcpsrv\ae-poc-identity-mcp-unittests\Services\ClaimClientTests.cs(102,69): warning CS8625: Cannot convert null literal to non-nullable reference type. [C:\Users\igorw\sources\github\ISubkowskI\ae-poc-identity-mcpsrv\ae-poc-identity-mcp-unittests\ae-poc-identity-mcp-unittests.csproj]
C:\Users\igorw\sources\github\ISubkowskI\ae-poc-identity-mcpsrv\ae-poc-identity-mcp-unittests\Services\ClaimClientTests.cs(106,22): warning CS8600: Converting null literal or possible null value to non-nullable type. [C:\Users\igorw\sources\github\ISubkowskI\ae-poc-identity-mcpsrv\ae-poc-identity-mcp-unittests\ae-poc-identity-mcp-unittests.csproj]
C:\Users\igorw\sources\github\ISubkowskI\ae-poc-identity-mcpsrv\ae-poc-identity-mcp-unittests\Services\ClaimClientTests.cs(106,22): warning CS8625: Cannot convert null literal to non-nullable reference type. [C:\Users\igorw\sources\github\ISubkowskI\ae-poc-identity-mcpsrv\ae-poc-identity-mcp-unittests\ae-poc-identity-mcp-unittests.csproj]
C:\Users\igorw\sources\github\ISubkowskI\ae-poc-identity-mcpsrv\ae-poc-identity-mcp-unittests\Data\ToolResultFactoryTests.cs(96,23): warning CS8604: Possible null reference argument for parameter 'collection' in 'string? Assert.Single<string?>(IEnumerable<string?> collection)'. [C:\Users\igorw\sources\github\ISubkowskI\ae-poc-identity-mcpsrv\ae-poc-identity-mcp-unittests\ae-poc-identity-mcp-unittests.csproj]
C:\Users\igorw\sources\github\ISubkowskI\ae-poc-identity-mcpsrv\ae-poc-identity-mcp-unittests\Data\ToolResultFactoryTests.cs(109,53): warning CS8604: Possible null reference argument for parameter 'collection' in 'void Assert.Contains<string?>(string? expected, IEnumerable<string?> collection)'. [C:\Users\igorw\sources\github\ISubkowskI\ae-poc-identity-mcpsrv\ae-poc-identity-mcp-unittests\ae-poc-identity-mcp-unittests.csproj]
C:\Users\igorw\sources\github\ISubkowskI\ae-poc-identity-mcpsrv\ae-poc-identity-mcp-unittests\Data\ToolResultFactoryTests.cs(127,43): warning CS8604: Possible null reference argument for parameter 'collection' in 'void Assert.Contains<string?>(string? expected, IEnumerable<string?> collection)'. [C:\Users\igorw\sources\github\ISubkowskI\ae-poc-identity-mcpsrv\ae-poc-identity-mcp-unittests\ae-poc-identity-mcp-unittests.csproj]
C:\Users\igorw\sources\github\ISubkowskI\ae-poc-identity-mcpsrv\ae-poc-identity-mcp-unittests\Services\ClaimClientTests.cs(126,52): warning CS8602: Dereference of a possibly null reference. [C:\Users\igorw\sources\github\ISubkowskI\ae-poc-identity-mcpsrv\ae-poc-identity-mcp-unittests\ae-poc-identity-mcp-unittests.csproj]
C:\Users\igorw\sources\github\ISubkowskI\ae-poc-identity-mcpsrv\ae-poc-identity-mcp-unittests\Data\ToolResultFactoryTests.cs(163,43): warning CS8604: Possible null reference argument for parameter 'collection' in 'void Assert.Contains<string?>(string? expected, IEnumerable<string?> collection)'. [C:\Users\igorw\sources\github\ISubkowskI\ae-poc-identity-mcpsrv\ae-poc-identity-mcp-unittests\ae-poc-identity-mcp-unittests.csproj]
C:\Users\igorw\sources\github\ISubkowskI\ae-poc-identity-mcpsrv\ae-poc-identity-mcp-unittests\Data\ToolResultFactoryTests.cs(181,23): warning CS8604: Possible null reference argument for parameter 'collection' in 'string? Assert.Single<string?>(IEnumerable<string?> collection)'. [C:\Users\igorw\sources\github\ISubkowskI\ae-poc-identity-mcpsrv\ae-poc-identity-mcp-unittests\ae-poc-identity-mcp-unittests.csproj]
C:\Users\igorw\sources\github\ISubkowskI\ae-poc-identity-mcpsrv\ae-poc-identity-mcp-unittests\Data\ToolResultFactoryTests.cs(194,49): warning CS8604: Possible null reference argument for parameter 'collection' in 'void Assert.Contains<string?>(string? expected, IEnumerable<string?> collection)'. [C:\Users\igorw\sources\github\ISubkowskI\ae-poc-identity-mcpsrv\ae-poc-identity-mcp-unittests\ae-poc-identity-mcp-unittests.csproj]
C:\Users\igorw\sources\github\ISubkowskI\ae-poc-identity-mcpsrv\ae-poc-identity-mcp-unittests\Services\ClaimClientTests.cs(194,84): warning CS8602: Dereference of a possibly null reference. [C:\Users\igorw\sources\github\ISubkowskI\ae-poc-identity-mcpsrv\ae-poc-identity-mcp-unittests\ae-poc-identity-mcp-unittests.csproj]
C:\Users\igorw\sources\github\ISubkowskI\ae-poc-identity-mcpsrv\ae-poc-identity-mcp-unittests\Services\ClaimClientTests.cs(224,85): warning CS8602: Dereference of a possibly null reference. [C:\Users\igorw\sources\github\ISubkowskI\ae-poc-identity-mcpsrv\ae-poc-identity-mcp-unittests\ae-poc-identity-mcp-unittests.csproj]
C:\Users\igorw\sources\github\ISubkowskI\ae-poc-identity-mcpsrv\ae-poc-identity-mcp-unittests\Tools\ClaimToolsTests.cs(196,13): error CS1503: Argument 5: cannot convert from 'Microsoft.Extensions.Logging.ILogger' to 'Microsoft.Extensions.Logging.ILoggerFactory' [C:\Users\igorw\sources\github\ISubkowskI\ae-poc-identity-mcpsrv\ae-poc-identity-mcp-unittests\ae-poc-identity-mcp-unittests.csproj]
C:\Users\igorw\sources\github\ISubkowskI\ae-poc-identity-mcpsrv\ae-poc-identity-mcp-unittests\Services\ClaimClientTests.cs(275,52): warning CS8602: Dereference of a possibly null reference. [C:\Users\igorw\sources\github\ISubkowskI\ae-poc-identity-mcpsrv\ae-poc-identity-mcp-unittests\ae-poc-identity-mcp-unittests.csproj]
C:\Users\igorw\sources\github\ISubkowskI\ae-poc-identity-mcpsrv\ae-poc-identity-mcp-unittests\Services\ClaimClientTests.cs(281,56): warning CS8625: Cannot convert null literal to non-nullable reference type. [C:\Users\igorw\sources\github\ISubkowskI\ae-poc-identity-mcpsrv\ae-poc-identity-mcp-unittests\ae-poc-identity-mcp-unittests.csproj]
C:\Users\igorw\sources\github\ISubkowskI\ae-poc-identity-mcpsrv\ae-poc-identity-mcp-unittests\Tools\ClaimToolsTests.cs(260,13): error CS1503: Argument 4: cannot convert from 'Microsoft.Extensions.Logging.ILogger' to 'Microsoft.Extensions.Logging.ILoggerFactory' [C:\Users\igorw\sources\github\ISubkowskI\ae-poc-identity-mcpsrv\ae-poc-identity-mcp-unittests\ae-poc-identity-mcp-unittests.csproj]

Build FAILED.

C:\Users\igorw\sources\github\ISubkowskI\ae-poc-identity-mcpsrv\ae-poc-identity-mcp-unittests\Data\ToolResultFactoryTests.cs(40,36): warning CS8604: Possible null reference argument for parameter 'collection' in 'void Assert.Contains<string?>(string? expected, IEnumerable<string?> collection)'. [C:\Users\igorw\sources\github\ISubkowskI\ae-poc-identity-mcpsrv\ae-poc-identity-mcp-unittests\ae-poc-identity-mcp-unittests.csproj]
C:\Users\igorw\sources\github\ISubkowskI\ae-poc-identity-mcpsrv\ae-poc-identity-mcp-unittests\Data\ToolResultFactoryTests.cs(77,40): warning CS8604: Possible null reference argument for parameter 'collection' in 'void Assert.Contains<string?>(string? expected, IEnumerable<string?> collection)'. [C:\Users\igorw\sources\github\ISubkowskI\ae-poc-identity-mcpsrv\ae-poc-identity-mcp-unittests\ae-poc-identity-mcp-unittests.csproj]
C:\Users\igorw\sources\github\ISubkowskI\ae-poc-identity-mcpsrv\ae-poc-identity-mcp-unittests\Services\ClaimClientTests.cs(102,69): warning CS8625: Cannot convert null literal to non-nullable reference type. [C:\Users\igorw\sources\github\ISubkowskI\ae-poc-identity-mcpsrv\ae-poc-identity-mcp-unittests\ae-poc-identity-mcp-unittests.csproj]
C:\Users\igorw\sources\github\ISubkowskI\ae-poc-identity-mcpsrv\ae-poc-identity-mcp-unittests\Services\ClaimClientTests.cs(106,22): warning CS8600: Converting null literal or possible null value to non-nullable type. [C:\Users\igorw\sources\github\ISubkowskI\ae-poc-identity-mcpsrv\ae-poc-identity-mcp-unittests\ae-poc-identity-mcp-unittests.csproj]
C:\Users\igorw\sources\github\ISubkowskI\ae-poc-identity-mcpsrv\ae-poc-identity-mcp-unittests\Services\ClaimClientTests.cs(106,22): warning CS8625: Cannot convert null literal to non-nullable reference type. [C:\Users\igorw\sources\github\ISubkowskI\ae-poc-identity-mcpsrv\ae-poc-identity-mcp-unittests\ae-poc-identity-mcp-unittests.csproj]
C:\Users\igorw\sources\github\ISubkowskI\ae-poc-identity-mcpsrv\ae-poc-identity-mcp-unittests\Data\ToolResultFactoryTests.cs(96,23): warning CS8604: Possible null reference argument for parameter 'collection' in 'string? Assert.Single<string?>(IEnumerable<string?> collection)'. [C:\Users\igorw\sources\github\ISubkowskI\ae-poc-identity-mcpsrv\ae-poc-identity-mcp-unittests\ae-poc-identity-mcp-unittests.csproj]
C:\Users\igorw\sources\github\ISubkowskI\ae-poc-identity-mcpsrv\ae-poc-identity-mcp-unittests\Data\ToolResultFactoryTests.cs(109,53): warning CS8604: Possible null reference argument for parameter 'collection' in 'void Assert.Contains<string?>(string? expected, IEnumerable<string?> collection)'. [C:\Users\igorw\sources\github\ISubkowskI\ae-poc-identity-mcpsrv\ae-poc-identity-mcp-unittests\ae-poc-identity-mcp-unittests.csproj]
C:\Users\igorw\sources\github\ISubkowskI\ae-poc-identity-mcpsrv\ae-poc-identity-mcp-unittests\Data\ToolResultFactoryTests.cs(127,43): warning CS8604: Possible null reference argument for parameter 'collection' in 'void Assert.Contains<string?>(string? expected, IEnumerable<string?> collection)'. [C:\Users\igorw\sources\github\ISubkowskI\ae-poc-identity-mcpsrv\ae-poc-identity-mcp-unittests\ae-poc-identity-mcp-unittests.csproj]
C:\Users\igorw\sources\github\ISubkowskI\ae-poc-identity-mcpsrv\ae-poc-identity-mcp-unittests\Services\ClaimClientTests.cs(126,52): warning CS8602: Dereference of a possibly null reference. [C:\Users\igorw\sources\github\ISubkowskI\ae-poc-identity-mcpsrv\ae-poc-identity-mcp-unittests\ae-poc-identity-mcp-unittests.csproj]
C:\Users\igorw\sources\github\ISubkowskI\ae-poc-identity-mcpsrv\ae-poc-identity-mcp-unittests\Data\ToolResultFactoryTests.cs(163,43): warning CS8604: Possible null reference argument for parameter 'collection' in 'void Assert.Contains<string?>(string? expected, IEnumerable<string?> collection)'. [C:\Users\igorw\sources\github\ISubkowskI\ae-poc-identity-mcpsrv\ae-poc-identity-mcp-unittests\ae-poc-identity-mcp-unittests.csproj]
C:\Users\igorw\sources\github\ISubkowskI\ae-poc-identity-mcpsrv\ae-poc-identity-mcp-unittests\Data\ToolResultFactoryTests.cs(181,23): warning CS8604: Possible null reference argument for parameter 'collection' in 'string? Assert.Single<string?>(IEnumerable<string?> collection)'. [C:\Users\igorw\sources\github\ISubkowskI\ae-poc-identity-mcpsrv\ae-poc-identity-mcp-unittests\ae-poc-identity-mcp-unittests.csproj]
C:\Users\igorw\sources\github\ISubkowskI\ae-poc-identity-mcpsrv\ae-poc-identity-mcp-unittests\Data\ToolResultFactoryTests.cs(194,49): warning CS8604: Possible null reference argument for parameter 'collection' in 'void Assert.Contains<string?>(string? expected, IEnumerable<string?> collection)'. [C:\Users\igorw\sources\github\ISubkowskI\ae-poc-identity-mcpsrv\ae-poc-identity-mcp-unittests\ae-poc-identity-mcp-unittests.csproj]
C:\Users\igorw\sources\github\ISubkowskI\ae-poc-identity-mcpsrv\ae-poc-identity-mcp-unittests\Services\ClaimClientTests.cs(194,84): warning CS8602: Dereference of a possibly null reference. [C:\Users\igorw\sources\github\ISubkowskI\ae-poc-identity-mcpsrv\ae-poc-identity-mcp-unittests\ae-poc-identity-mcp-unittests.csproj]
C:\Users\igorw\sources\github\ISubkowskI\ae-poc-identity-mcpsrv\ae-poc-identity-mcp-unittests\Services\ClaimClientTests.cs(224,85): warning CS8602: Dereference of a possibly null reference. [C:\Users\igorw\sources\github\ISubkowskI\ae-poc-identity-mcpsrv\ae-poc-identity-mcp-unittests\ae-poc-identity-mcp-unittests.csproj]
C:\Users\igorw\sources\github\ISubkowskI\ae-poc-identity-mcpsrv\ae-poc-identity-mcp-unittests\Services\ClaimClientTests.cs(275,52): warning CS8602: Dereference of a possibly null reference. [C:\Users\igorw\sources\github\ISubkowskI\ae-poc-identity-mcpsrv\ae-poc-identity-mcp-unittests\ae-poc-identity-mcp-unittests.csproj]
C:\Users\igorw\sources\github\ISubkowskI\ae-poc-identity-mcpsrv\ae-poc-identity-mcp-unittests\Services\ClaimClientTests.cs(281,56): warning CS8625: Cannot convert null literal to non-nullable reference type. [C:\Users\igorw\sources\github\ISubkowskI\ae-poc-identity-mcpsrv\ae-poc-identity-mcp-unittests\ae-poc-identity-mcp-unittests.csproj]
C:\Users\igorw\sources\github\ISubkowskI\ae-poc-identity-mcpsrv\ae-poc-identity-mcp-unittests\Tools\ClaimToolsTests.cs(196,13): error CS1503: Argument 5: cannot convert from 'Microsoft.Extensions.Logging.ILogger' to 'Microsoft.Extensions.Logging.ILoggerFactory' [C:\Users\igorw\sources\github\ISubkowskI\ae-poc-identity-mcpsrv\ae-poc-identity-mcp-unittests\ae-poc-identity-mcp-unittests.csproj]
C:\Users\igorw\sources\github\ISubkowskI\ae-poc-identity-mcpsrv\ae-poc-identity-mcp-unittests\Tools\ClaimToolsTests.cs(260,13): error CS1503: Argument 4: cannot convert from 'Microsoft.Extensions.Logging.ILogger' to 'Microsoft.Extensions.Logging.ILoggerFactory' [C:\Users\igorw\sources\github\ISubkowskI\ae-poc-identity-mcpsrv\ae-poc-identity-mcp-unittests\ae-poc-identity-mcp-unittests.csproj]
    16 Warning(s)
    2 Error(s)

Time Elapsed 00:00:01.21

Workload updates are available. Run `dotnet workload list` for more information.
