  Determining projects to restore...
  All projects are up-to-date for restore.
  ae-poc-identity-mcp-lib -> C:\Users\igorw\sources\github\ISubkowskI\ae-poc-identity-mcpsrv\ae-poc-identity-mcp-lib\bin\Debug\net9.0\ae-poc-identity-mcp-lib.dll
C:\Users\igorw\sources\github\ISubkowskI\ae-poc-identity-mcpsrv\ae-poc-identity-mcp-unittests\Data\ToolResultFactoryTests.cs(40,36): warning CS8604: Possible null reference argument for parameter 'collection' in 'void Assert.Contains<string?>(string? expected, IEnumerable<string?> collection)'. [C:\Users\igorw\sources\github\ISubkowskI\ae-poc-identity-mcpsrv\ae-poc-identity-mcp-unittests\ae-poc-identity-mcp-unittests.csproj]
C:\Users\igorw\sources\github\ISubkowskI\ae-poc-identity-mcpsrv\ae-poc-identity-mcp-unittests\Services\ClaimClientTests.cs(102,69): warning CS8625: Cannot convert null literal to non-nullable reference type. [C:\Users\igorw\sources\github\ISubkowskI\ae-poc-identity-mcpsrv\ae-poc-identity-mcp-unittests\ae-poc-identity-mcp-unittests.csproj]
C:\Users\igorw\sources\github\ISubkowskI\ae-poc-identity-mcpsrv\ae-poc-identity-mcp-unittests\Services\ClaimClientTests.cs(106,22): warning CS8600: Converting null literal or possible null value to non-nullable type. [C:\Users\igorw\sources\github\ISubkowskI\ae-poc-identity-mcpsrv\ae-poc-identity-mcp-unittests\ae-poc-identity-mcp-unittests.csproj]
C:\Users\igorw\sources\github\ISubkowskI\ae-poc-identity-mcpsrv\ae-poc-identity-mcp-unittests\Services\ClaimClientTests.cs(106,22): warning CS8625: Cannot convert null literal to non-nullable reference type. [C:\Users\igorw\sources\github\ISubkowskI\ae-poc-identity-mcpsrv\ae-poc-identity-mcp-unittests\ae-poc-identity-mcp-unittests.csproj]
C:\Users\igorw\sources\github\ISubkowskI\ae-poc-identity-mcpsrv\ae-poc-identity-mcp-unittests\Data\ToolResultFactoryTests.cs(77,40): warning CS8604: Possible null reference argument for parameter 'collection' in 'void Assert.Contains<string?>(string? expected, IEnumerable<string?> collection)'. [C:\Users\igorw\sources\github\ISubkowskI\ae-poc-identity-mcpsrv\ae-poc-identity-mcp-unittests\ae-poc-identity-mcp-unittests.csproj]
C:\Users\igorw\sources\github\ISubkowskI\ae-poc-identity-mcpsrv\ae-poc-identity-mcp-unittests\Data\ToolResultFactoryTests.cs(96,23): warning CS8604: Possible null reference argument for parameter 'collection' in 'string? Assert.Single<string?>(IEnumerable<string?> collection)'. [C:\Users\igorw\sources\github\ISubkowskI\ae-poc-identity-mcpsrv\ae-poc-identity-mcp-unittests\ae-poc-identity-mcp-unittests.csproj]
C:\Users\igorw\sources\github\ISubkowskI\ae-poc-identity-mcpsrv\ae-poc-identity-mcp-unittests\Data\ToolResultFactoryTests.cs(109,53): warning CS8604: Possible null reference argument for parameter 'collection' in 'void Assert.Contains<string?>(string? expected, IEnumerable<string?> collection)'. [C:\Users\igorw\sources\github\ISubkowskI\ae-poc-identity-mcpsrv\ae-poc-identity-mcp-unittests\ae-poc-identity-mcp-unittests.csproj]
C:\Users\igorw\sources\github\ISubkowskI\ae-poc-identity-mcpsrv\ae-poc-identity-mcp-unittests\Services\ClaimClientTests.cs(126,52): warning CS8602: Dereference of a possibly null reference. [C:\Users\igorw\sources\github\ISubkowskI\ae-poc-identity-mcpsrv\ae-poc-identity-mcp-unittests\ae-poc-identity-mcp-unittests.csproj]
C:\Users\igorw\sources\github\ISubkowskI\ae-poc-identity-mcpsrv\ae-poc-identity-mcp-unittests\Data\ToolResultFactoryTests.cs(127,43): warning CS8604: Possible null reference argument for parameter 'collection' in 'void Assert.Contains<string?>(string? expected, IEnumerable<string?> collection)'. [C:\Users\igorw\sources\github\ISubkowskI\ae-poc-identity-mcpsrv\ae-poc-identity-mcp-unittests\ae-poc-identity-mcp-unittests.csproj]
C:\Users\igorw\sources\github\ISubkowskI\ae-poc-identity-mcpsrv\ae-poc-identity-mcp-unittests\Data\ToolResultFactoryTests.cs(163,43): warning CS8604: Possible null reference argument for parameter 'collection' in 'void Assert.Contains<string?>(string? expected, IEnumerable<string?> collection)'. [C:\Users\igorw\sources\github\ISubkowskI\ae-poc-identity-mcpsrv\ae-poc-identity-mcp-unittests\ae-poc-identity-mcp-unittests.csproj]
C:\Users\igorw\sources\github\ISubkowskI\ae-poc-identity-mcpsrv\ae-poc-identity-mcp-unittests\Data\ToolResultFactoryTests.cs(181,23): warning CS8604: Possible null reference argument for parameter 'collection' in 'string? Assert.Single<string?>(IEnumerable<string?> collection)'. [C:\Users\igorw\sources\github\ISubkowskI\ae-poc-identity-mcpsrv\ae-poc-identity-mcp-unittests\ae-poc-identity-mcp-unittests.csproj]
C:\Users\igorw\sources\github\ISubkowskI\ae-poc-identity-mcpsrv\ae-poc-identity-mcp-unittests\Data\ToolResultFactoryTests.cs(194,49): warning CS8604: Possible null reference argument for parameter 'collection' in 'void Assert.Contains<string?>(string? expected, IEnumerable<string?> collection)'. [C:\Users\igorw\sources\github\ISubkowskI\ae-poc-identity-mcpsrv\ae-poc-identity-mcp-unittests\ae-poc-identity-mcp-unittests.csproj]
C:\Users\igorw\sources\github\ISubkowskI\ae-poc-identity-mcpsrv\ae-poc-identity-mcp-unittests\Services\ClaimClientTests.cs(194,84): warning CS8602: Dereference of a possibly null reference. [C:\Users\igorw\sources\github\ISubkowskI\ae-poc-identity-mcpsrv\ae-poc-identity-mcp-unittests\ae-poc-identity-mcp-unittests.csproj]
C:\Users\igorw\sources\github\ISubkowskI\ae-poc-identity-mcpsrv\ae-poc-identity-mcp-unittests\Services\ClaimClientTests.cs(224,85): warning CS8602: Dereference of a possibly null reference. [C:\Users\igorw\sources\github\ISubkowskI\ae-poc-identity-mcpsrv\ae-poc-identity-mcp-unittests\ae-poc-identity-mcp-unittests.csproj]
C:\Users\igorw\sources\github\ISubkowskI\ae-poc-identity-mcpsrv\ae-poc-identity-mcp-unittests\Services\ClaimClientTests.cs(275,52): warning CS8602: Dereference of a possibly null reference. [C:\Users\igorw\sources\github\ISubkowskI\ae-poc-identity-mcpsrv\ae-poc-identity-mcp-unittests\ae-poc-identity-mcp-unittests.csproj]
C:\Users\igorw\sources\github\ISubkowskI\ae-poc-identity-mcpsrv\ae-poc-identity-mcp-unittests\Services\ClaimClientTests.cs(281,56): warning CS8625: Cannot convert null literal to non-nullable reference type. [C:\Users\igorw\sources\github\ISubkowskI\ae-poc-identity-mcpsrv\ae-poc-identity-mcp-unittests\ae-poc-identity-mcp-unittests.csproj]
  ae-poc-identity-mcp-unittests -> C:\Users\igorw\sources\github\ISubkowskI\ae-poc-identity-mcpsrv\ae-poc-identity-mcp-unittests\bin\Debug\net9.0\ae-poc-identity-mcp-unittests.dll
Test run for C:\Users\igorw\sources\github\ISubkowskI\ae-poc-identity-mcpsrv\ae-poc-identity-mcp-unittests\bin\Debug\net9.0\ae-poc-identity-mcp-unittests.dll (.NETCoreApp,Version=v9.0)
VSTest version 17.14.1 (x64)

Starting test execution, please wait...
A total of 1 test files matched the specified pattern.
C:\Users\igorw\sources\github\ISubkowskI\ae-poc-identity-mcpsrv\ae-poc-identity-mcp-unittests\bin\Debug\net9.0\ae-poc-identity-mcp-unittests.dll
[xUnit.net 00:00:00.00] xUnit.net VSTest Adapter v2.8.2+699d445a1a (64-bit .NET 9.0.11)
[xUnit.net 00:00:00.06]   Discovering: ae-poc-identity-mcp-unittests
[xUnit.net 00:00:00.10]   Discovered:  ae-poc-identity-mcp-unittests
[xUnit.net 00:00:00.10]   Starting:    ae-poc-identity-mcp-unittests
     Warning:
     The component "Fluent Assertions" is governed by the rules defined in the Xceed License Agreement and
     the Xceed Fluent Assertions Community License. You may use Fluent Assertions free of charge for
     non-commercial use only. An active subscription is required to use Fluent Assertions for commercial use.
     Please contact Xceed Sales mailto:sales@xceed.com to acquire a subscription at a very low cost.
     A paid commercial license supports the development and continued increasing support of
     Fluent Assertions users under both commercial and community licenses. Help us
     keep Fluent Assertions at the forefront of unit testing.
     For more information, visit https://xceed.com/products/unit-testing/fluent-assertions/
  Passed Ae.Poc.Identity.Mcp.Unittests.Data.ToolResultFactoryTests.ValidationFailed_AcceptsCustomStatus [4 ms]
  Passed Ae.Poc.Identity.Mcp.Unittests.Services.DtoValidatorTests.TryValidate_ReturnsTrue_WhenObjectIsValid [6 ms]
  Passed Ae.Poc.Identity.Mcp.Unittests.Services.DtoValidatorTests.TryValidate_ReturnsFalse_WhenObjectIsInvalid [< 1 ms]
  Passed Ae.Poc.Identity.Mcp.Unittests.Data.ToolResultFactoryTests.Success_ReturnsSuccessResult_WithValue [2 ms]
  Passed Ae.Poc.Identity.Mcp.Unittests.Data.ToolResultFactoryTests.Failure_AcceptsCustomStatus [< 1 ms]
  Passed Ae.Poc.Identity.Mcp.Unittests.Data.ToolResultFactoryTests.ValidationFailed_ThrowsArgumentException_WhenErrorsIsNull [7 ms]
  Passed Ae.Poc.Identity.Mcp.Unittests.Data.ToolResultFactoryTests.Warning_HandlesNullMessage [2 ms]
  Passed Ae.Poc.Identity.Mcp.Unittests.Data.ToolResultFactoryTests.FromException_HandlesNullException [< 1 ms]
  Passed Ae.Poc.Identity.Mcp.Unittests.Data.ToolResultFactoryTests.Failure_ThrowsArgumentException_WhenErrorsIsEmpty [< 1 ms]
  Passed Ae.Poc.Identity.Mcp.Unittests.Data.ToolResultFactoryTests.Failure_HandlesNullErrorMessages [< 1 ms]
  Passed Ae.Poc.Identity.Mcp.Unittests.Data.ToolResultFactoryTests.FromException_ReturnsFailureResult_WithExceptionMessage [< 1 ms]
  Passed Ae.Poc.Identity.Mcp.Unittests.Data.ToolResultFactoryTests.Warning_AcceptsCustomStatus [< 1 ms]
  Passed Ae.Poc.Identity.Mcp.Unittests.Data.ToolResultFactoryTests.Failure_ReturnsFailureResult_WithErrors [1 ms]
  Passed Ae.Poc.Identity.Mcp.Unittests.Data.ToolResultFactoryTests.Failure_ThrowsArgumentException_WhenErrorsIsNull [< 1 ms]
  Passed Ae.Poc.Identity.Mcp.Unittests.Data.ToolResultFactoryTests.Warning_ReturnsFailureResult_WithWarningMessage [< 1 ms]
  Passed Ae.Poc.Identity.Mcp.Unittests.Data.ToolResultFactoryTests.ValidationFailed_ThrowsArgumentException_WhenErrorsIsEmpty [< 1 ms]
  Passed Ae.Poc.Identity.Mcp.Unittests.Data.ToolResultFactoryTests.ValidationFailed_HandlesNullErrorMessages [< 1 ms]
  Passed Ae.Poc.Identity.Mcp.Unittests.Data.ToolResultFactoryTests.ValidationFailed_ReturnsFailureResult_WithErrors [< 1 ms]
  Passed Ae.Poc.Identity.Mcp.Unittests.Tools.AppInfoToolTests.GetAppVersion_ReturnsDefaultVersion_WhenOptionsNull [31 ms]
  Passed Ae.Poc.Identity.Mcp.Unittests.Tools.AppInfoToolTests.GetAppVersion_ReturnsCorrectInfo [< 1 ms]
  Passed Ae.Poc.Identity.Mcp.Unittests.Tools.ClaimToolsTests.GetClaimDetailsAsync_ReturnsError_OnException [59 ms]
  Passed Ae.Poc.Identity.Mcp.Unittests.Tools.ClaimToolsTests.GetClaimsAsync_HandlesNullMapperResult_Gracefully [9 ms]
  Passed Ae.Poc.Identity.Mcp.Unittests.Tools.ClaimToolsTests.GetClaimDetailsAsync_ReturnsWarning_WhenClaimNotFound [1 ms]
  Passed Ae.Poc.Identity.Mcp.Unittests.Tools.ClaimToolsTests.DeleteClaimAsync_ReturnsError_OnException [1 ms]
  Passed Ae.Poc.Identity.Mcp.Unittests.Tools.ClaimToolsTests.UpdateClaimAsync_ReturnsValidationFailed_WhenValidatorFails [3 ms]
  Passed Ae.Poc.Identity.Mcp.Unittests.Tools.ClaimToolsTests.GetClaimDetailsAsync_ReturnsValidationFailed_ForInvalidClaimIds(invalidId: "00000000-0000-0000-0000-000000000000", expectedErrorFragment: "cannot be an empty GUID") [< 1 ms]
  Passed Ae.Poc.Identity.Mcp.Unittests.Tools.ClaimToolsTests.GetClaimDetailsAsync_ReturnsValidationFailed_ForInvalidClaimIds(invalidId: "   ", expectedErrorFragment: "cannot be empty") [< 1 ms]
  Passed Ae.Poc.Identity.Mcp.Unittests.Tools.ClaimToolsTests.GetClaimDetailsAsync_ReturnsValidationFailed_ForInvalidClaimIds(invalidId: "", expectedErrorFragment: "cannot be empty") [< 1 ms]
  Passed Ae.Poc.Identity.Mcp.Unittests.Tools.ClaimToolsTests.GetClaimDetailsAsync_ReturnsValidationFailed_ForInvalidClaimIds(invalidId: "12345", expectedErrorFragment: "must be a valid GUID") [< 1 ms]
  Passed Ae.Poc.Identity.Mcp.Unittests.Services.ClaimClientTests.LoadClaimDetailsAsync_ReturnNull_OnNullResponse [77 ms]
  Passed Ae.Poc.Identity.Mcp.Unittests.Tools.ClaimToolsTests.GetClaimDetailsAsync_ReturnsValidationFailed_ForInvalidClaimIds(invalidId: "not-a-guid", expectedErrorFragment: "must be a valid GUID") [< 1 ms]
  Passed Ae.Poc.Identity.Mcp.Unittests.Services.ClaimClientTests.LoadClaimsAsync_ReturnsClaims_OnSuccess [7 ms]
dotnet : [xUnit.net 00:00:00.24]     
Ae.Poc.Identity.Mcp.Unittests.Tools.ClaimToolsTests.GetClaimsAsync_ReturnsSerializedClaims_OnSuccess [FAIL]
At line:1 char:1
+ dotnet test --logger "console;verbosity=detailed" ae-poc-identity-mcp ...
+ ~~~~~~~~~~~~~~~~~~~~~~~~~~~~~~~~~~~~~~~~~~~~~~~~~~~~~~~~~~~~~~~~~~~~~
    + CategoryInfo          : NotSpecified: ([xUnit.net 00:0...nSuccess [FAIL]:String) [], RemoteException
    + FullyQualifiedErrorId : NativeCommandError
 
[xUnit.net 00:00:00.24]       Expected result.IsSuccess to be True, but found False.
[xUnit.net 00:00:00.24]       Stack Trace:
[xUnit.net 00:00:00.24]            at FluentAssertions.Execution.LateBoundTestFramework.Throw(String message)
[xUnit.net 00:00:00.24]            at FluentAssertions.Execution.DefaultAssertionStrategy.HandleFailure(String message)
[xUnit.net 00:00:00.24]            at FluentAssertions.Execution.AssertionScope.AddPreFormattedFailure(String formattedFailureMessage)
[xUnit.net 00:00:00.24]            at FluentAssertions.Execution.AssertionChain.FailWith(Func`1 getFailureReason)
[xUnit.net 00:00:00.24]            at FluentAssertions.Execution.AssertionChain.FailWith(Func`1 getFailureReason)
[xUnit.net 00:00:00.24]            at FluentAssertions.Execution.AssertionChain.FailWith(String message, Object[] args)
[xUnit.net 00:00:00.24]            at FluentAssertions.Primitives.BooleanAssertions`1.BeTrue(String because, Object[] becauseArgs)
[xUnit.net 00:00:00.24]         C:\Users\igorw\sources\github\ISubkowskI\ae-poc-identity-mcpsrv\ae-poc-identity-mcp-unittests\Tools\ClaimToolsTests.cs(59,0): at Ae.Poc.Identity.Mcp.Unittests.Tools.ClaimToolsTests.GetClaimsAsync_ReturnsSerializedClaims_OnSuccess()
[xUnit.net 00:00:00.24]         --- End of stack trace from previous location ---
  Passed Ae.Poc.Identity.Mcp.Unittests.Services.ClaimClientTests.CreateClaimAsync_ReturnsCreatedClaim_OnSuccess [6 ms]
  Passed Ae.Poc.Identity.Mcp.Unittests.Services.ClaimClientTests.LoadClaimsAsync_ThrowsTaskCanceledException_WhenCancelled [2 ms]
  Passed Ae.Poc.Identity.Mcp.Unittests.Services.ClaimClientTests.DeleteClaimAsync_ReturnsDeletedClaim_OnSuccess [2 ms]
  Passed Ae.Poc.Identity.Mcp.Unittests.Services.ClaimClientTests.LoadClaimDetailsAsync_ReturnsClaim_OnSuccess [1 ms]
  Passed Ae.Poc.Identity.Mcp.Unittests.Services.ClaimClientTests.CreateClaimAsync_ThrowsHttpRequestException_On404 [2 ms]
  Passed Ae.Poc.Identity.Mcp.Unittests.Services.ClaimClientTests.LoadClaimsAsync_ReturnsNull_OnNullResponse [< 1 ms]
  Passed Ae.Poc.Identity.Mcp.Unittests.Services.ClaimClientTests.LoadClaimsAsync_ThrowsHttpRequestException_OnHttpError [< 1 ms]
  Passed Ae.Poc.Identity.Mcp.Unittests.Services.ClaimClientTests.LoadClaimsAsync_ThrowsHttpRequestException_On401Unauthorized [< 1 ms]
  Failed Ae.Poc.Identity.Mcp.Unittests.Tools.ClaimToolsTests.GetClaimsAsync_ReturnsSerializedClaims_OnSuccess [25 ms]
  Error Message:
   Expected result.IsSuccess to be True, but found False.
  Stack Trace:
     at FluentAssertions.Execution.LateBoundTestFramework.Throw(String message)
   at FluentAssertions.Execution.DefaultAssertionStrategy.HandleFailure(String message)
   at FluentAssertions.Execution.AssertionScope.AddPreFormattedFailure(String formattedFailureMessage)
   at FluentAssertions.Execution.AssertionChain.FailWith(Func`1 getFailureReason)
   at FluentAssertions.Execution.AssertionChain.FailWith(Func`1 getFailureReason)
   at FluentAssertions.Execution.AssertionChain.FailWith(String message, Object[] args)
   at FluentAssertions.Primitives.BooleanAssertions`1.BeTrue(String because, Object[] becauseArgs)
   at Ae.Poc.Identity.Mcp.Unittests.Tools.ClaimToolsTests.GetClaimsAsync_ReturnsSerializedClaims_OnSuccess() in C:\Users\igorw\sources\github\ISubkowskI\ae-poc-identity-mcpsrv\ae-poc-identity-mcp-unittests\Tools\ClaimToolsTests.cs:line 59
--- End of stack trace from previous location ---
[xUnit.net 00:00:00.24]     
Ae.Poc.Identity.Mcp.Unittests.Tools.ClaimToolsTests.GetClaimsAsync_ReturnsWarning_WhenClaimsIsNull [FAIL]
[xUnit.net 00:00:00.24]       Expected result.Error.Status "Error" to contain "Warning".
[xUnit.net 00:00:00.24]       Stack Trace:
[xUnit.net 00:00:00.24]            at FluentAssertions.Execution.LateBoundTestFramework.Throw(String message)
[xUnit.net 00:00:00.24]            at FluentAssertions.Execution.DefaultAssertionStrategy.HandleFailure(String message)
[xUnit.net 00:00:00.24]            at FluentAssertions.Execution.AssertionScope.AddPreFormattedFailure(String formattedFailureMessage)
[xUnit.net 00:00:00.24]            at FluentAssertions.Execution.AssertionChain.FailWith(Func`1 getFailureReason)
[xUnit.net 00:00:00.24]            at FluentAssertions.Execution.AssertionChain.FailWith(Func`1 getFailureReason)
[xUnit.net 00:00:00.24]            at FluentAssertions.Execution.AssertionChain.FailWith(String message, Object[] args)
[xUnit.net 00:00:00.24]            at FluentAssertions.Primitives.StringAssertions`1.Contain(String expected, String because, Object[] becauseArgs)
[xUnit.net 00:00:00.24]         C:\Users\igorw\sources\github\ISubkowskI\ae-poc-identity-mcpsrv\ae-poc-identity-mcp-unittests\Tools\ClaimToolsTests.cs(166,0): at Ae.Poc.Identity.Mcp.Unittests.Tools.ClaimToolsTests.GetClaimsAsync_ReturnsWarning_WhenClaimsIsNull()
[xUnit.net 00:00:00.24]         --- End of stack trace from previous location ---
  Passed Ae.Poc.Identity.Mcp.Unittests.Services.ClaimClientTests.UpdateClaimAsync_ReturnsUpdatedClaim_OnSuccess [2 ms]
  Passed Ae.Poc.Identity.Mcp.Unittests.Tools.ClaimToolsTests.CreateClaimAsync_ReturnsValidationFailed_WhenValidatorFails [1 ms]
  Passed Ae.Poc.Identity.Mcp.Unittests.Tools.ClaimToolsTests.UpdateClaimAsync_ReturnsValidationFailed_WhenClaimIdIsInvalid [< 1 ms]
  Passed Ae.Poc.Identity.Mcp.Unittests.Tools.ClaimToolsTests.DeleteClaimAsync_ReturnsValidationFailed_WhenClaimIdIsEmpty [< 1 ms]
  Passed Ae.Poc.Identity.Mcp.Unittests.Tools.ClaimToolsTests.GetClaimDetailsAsync_ReturnsValidationFailed_WhenClaimIdIsInvalid [1 ms]
  Failed Ae.Poc.Identity.Mcp.Unittests.Tools.ClaimToolsTests.GetClaimsAsync_ReturnsWarning_WhenClaimsIsNull [3 ms]
  Error Message:
   Expected result.Error.Status "Error" to contain "Warning".
  Stack Trace:
     at FluentAssertions.Execution.LateBoundTestFramework.Throw(String message)
   at FluentAssertions.Execution.DefaultAssertionStrategy.HandleFailure(String message)
   at FluentAssertions.Execution.AssertionScope.AddPreFormattedFailure(String formattedFailureMessage)
   at FluentAssertions.Execution.AssertionChain.FailWith(Func`1 getFailureReason)
   at FluentAssertions.Execution.AssertionChain.FailWith(Func`1 getFailureReason)
   at FluentAssertions.Execution.AssertionChain.FailWith(String message, Object[] args)
   at FluentAssertions.Primitives.StringAssertions`1.Contain(String expected, String because, Object[] becauseArgs)
   at Ae.Poc.Identity.Mcp.Unittests.Tools.ClaimToolsTests.GetClaimsAsync_ReturnsWarning_WhenClaimsIsNull() in C:\Users\igorw\sources\github\ISubkowskI\ae-poc-identity-mcpsrv\ae-poc-identity-mcp-unittests\Tools\ClaimToolsTests.cs:line 166
--- End of stack trace from previous location ---
  Passed Ae.Poc.Identity.Mcp.Unittests.Tools.ClaimToolsTests.UpdateClaimAsync_ReturnsUpdatedClaim_OnSuccess [3 ms]
  Passed Ae.Poc.Identity.Mcp.Unittests.Tools.ClaimToolsTests.GetClaimDetailsAsync_ReturnsClaimDetails_OnSuccess [1 ms]
  Passed Ae.Poc.Identity.Mcp.Unittests.Tools.ClaimToolsTests.CreateClaimAsync_ReturnsCreatedClaim_OnSuccess [2 ms]
[xUnit.net 00:00:00.26]     
Ae.Poc.Identity.Mcp.Unittests.Tools.ClaimToolsTests.GetClaimsAsync_ReturnsError_OnException [FAIL]
[xUnit.net 00:00:00.26]       Expected result.Error.Errors {"ArgumentNullException: Value cannot be null. (Parameter 'source')"} to have an item matching e.Contains("Test exception").
[xUnit.net 00:00:00.26]       Stack Trace:
[xUnit.net 00:00:00.26]            at FluentAssertions.Execution.LateBoundTestFramework.Throw(String message)
[xUnit.net 00:00:00.26]            at FluentAssertions.Execution.DefaultAssertionStrategy.HandleFailure(String message)
[xUnit.net 00:00:00.26]            at FluentAssertions.Execution.AssertionScope.AddPreFormattedFailure(String formattedFailureMessage)
[xUnit.net 00:00:00.26]            at FluentAssertions.Execution.AssertionChain.FailWith(Func`1 getFailureReason)
[xUnit.net 00:00:00.26]            at FluentAssertions.Execution.AssertionChain.FailWith(Func`1 getFailureReason)
[xUnit.net 00:00:00.26]            at FluentAssertions.Execution.AssertionChain.FailWith(String message, Object[] args)
[xUnit.net 00:00:00.26]            at FluentAssertions.Collections.GenericCollectionAssertions`3.Contain(Expression`1 predicate, String because, Object[] becauseArgs)
[xUnit.net 00:00:00.26]         C:\Users\igorw\sources\github\ISubkowskI\ae-poc-identity-mcpsrv\ae-poc-identity-mcp-unittests\Tools\ClaimToolsTests.cs(91,0): at Ae.Poc.Identity.Mcp.Unittests.Tools.ClaimToolsTests.GetClaimsAsync_ReturnsError_OnException()
[xUnit.net 00:00:00.26]         --- End of stack trace from previous location ---
[xUnit.net 00:00:00.26]   Finished:    ae-poc-identity-mcp-unittests
  Passed Ae.Poc.Identity.Mcp.Unittests.Tools.ClaimToolsTests.GetClaimDetailsAsync_ReturnsValidationFailed_WhenClaimIdIsEmpty [< 1 ms]
  Passed Ae.Poc.Identity.Mcp.Unittests.Tools.ClaimToolsTests.UpdateClaimAsync_ReturnsError_OnException [2 ms]
  Passed Ae.Poc.Identity.Mcp.Unittests.Tools.ClaimToolsTests.UpdateClaimAsync_ReturnsValidationFailed_WhenIdMismatch [< 1 ms]
  Passed Ae.Poc.Identity.Mcp.Unittests.Tools.ClaimToolsTests.DeleteClaimAsync_ReturnsDeletedClaim_OnSuccess [1 ms]
  Passed Ae.Poc.Identity.Mcp.Unittests.Tools.ClaimToolsTests.DeleteClaimAsync_ReturnsValidationFailed_WhenClaimIdIsInvalid [< 1 ms]
  Failed Ae.Poc.Identity.Mcp.Unittests.Tools.ClaimToolsTests.GetClaimsAsync_ReturnsError_OnException [4 ms]
  Error Message:
   Expected result.Error.Errors {"ArgumentNullException: Value cannot be null. (Parameter 'source')"} to have an item matching e.Contains("Test exception").
  Stack Trace:
     at FluentAssertions.Execution.LateBoundTestFramework.Throw(String message)
   at FluentAssertions.Execution.DefaultAssertionStrategy.HandleFailure(String message)
   at FluentAssertions.Execution.AssertionScope.AddPreFormattedFailure(String formattedFailureMessage)
   at FluentAssertions.Execution.AssertionChain.FailWith(Func`1 getFailureReason)
   at FluentAssertions.Execution.AssertionChain.FailWith(Func`1 getFailureReason)
   at FluentAssertions.Execution.AssertionChain.FailWith(String message, Object[] args)
   at FluentAssertions.Collections.GenericCollectionAssertions`3.Contain(Expression`1 predicate, String because, Object[] becauseArgs)
   at Ae.Poc.Identity.Mcp.Unittests.Tools.ClaimToolsTests.GetClaimsAsync_ReturnsError_OnException() in C:\Users\igorw\sources\github\ISubkowskI\ae-poc-identity-mcpsrv\ae-poc-identity-mcp-unittests\Tools\ClaimToolsTests.cs:line 91
--- End of stack trace from previous location ---

Test Run Failed.
Total tests: 56
     Passed: 53
     Failed: 3
 Total time: 0,9944 Seconds

Workload updates are available. Run `dotnet workload list` for more information.
